// Jest Snapshot v1, https://goo.gl/fbAQLP

exports[`renders correctly 1`] = `
<div
  data-iframe-height="270"
  data-iframe-width="150"
  data-share-badge-id="82b8a687-2958-4e07-b34d-9fae29eb9a62"
/>
`;
